// Jest Snapshot v1, https://goo.gl/fbAQLP

exports[`renders MainPage without Crashing... 1`] = `
<Fragment>
  <div
    className="tc"
  >
    <h1
      className="f1"
    >
      Robo Friends
    </h1>
    <SearchBox />
    <ErrorBoundry>
      <CardList
        robots={Array []}
      />
    </ErrorBoundry>
  </div>
</Fragment>
`;
